// Jest Snapshot v1, https://goo.gl/fbAQLP

exports[`renders correctly 1`] = `
<div>
  <div
    className="center-helper"
  >
    <div
      style={
        Object {
          "textAlign": "center",
        }
      }
    >
      <div
        className="container"
      >
        <h1>
          Matched Traders
        </h1>
        <div
          className="ant-row"
          style={
            Object {
              "marginLeft": -8,
              "marginRight": -8,
            }
          }
        />
      </div>
    </div>
  </div>
  <div>
    
  </div>
</div>
`;
