// Jest Snapshot v1, https://goo.gl/fbAQLP

exports[`renders correctly 1`] = `
<ul
  aria-activedescendant=""
  className="ant-menu ant-menu-light ant-menu-root ant-menu-inline"
  onKeyDown={[Function]}
  role="menu"
  style={
    Object {
      "height": "100%",
    }
  }
  tabIndex="0"
>
  <li
    aria-disabled={undefined}
    aria-selected={false}
    className="ant-menu-item"
    onClick={[Function]}
    onMouseEnter={[Function]}
    onMouseLeave={[Function]}
    role="menuitem"
    style={
      Object {
        "paddingLeft": 24,
      }
    }
    title={undefined}
  >
    <a
      href="/Profile"
      onClick={[Function]}
    >
      <i
        className="anticon anticon-user"
      />
       
      <span>
        My Profile
      </span>
    </a>
  </li>
  <li
    className="ant-menu-submenu ant-menu-submenu-inline"
    onMouseEnter={[Function]}
    onMouseLeave={[Function]}
    style={undefined}
  >
    <div
      aria-expanded={false}
      aria-haspopup="true"
      aria-owns="sub2$Menu"
      className="ant-menu-submenu-title"
      onClick={[Function]}
      onMouseEnter={[Function]}
      onMouseLeave={[Function]}
      style={
        Object {
          "paddingLeft": 24,
        }
      }
      title={undefined}
    >
      <span>
        <i
          className="anticon anticon-search"
        />
        <span>
          Find Matches
        </span>
      </span>
      <i
        className="ant-menu-submenu-arrow"
      />
    </div>
  </li>
  <li
    className="ant-menu-submenu ant-menu-submenu-inline"
    onMouseEnter={[Function]}
    onMouseLeave={[Function]}
    style={undefined}
  >
    <div
      aria-expanded={false}
      aria-haspopup="true"
      aria-owns="sub3$Menu"
      className="ant-menu-submenu-title"
      onClick={[Function]}
      onMouseEnter={[Function]}
      onMouseLeave={[Function]}
      style={
        Object {
          "paddingLeft": 24,
        }
      }
      title={undefined}
    >
      <span>
        <i
          className="anticon anticon-book"
        />
        <span>
          Trades
        </span>
      </span>
      <i
        className="ant-menu-submenu-arrow"
      />
    </div>
  </li>
</ul>
`;
